[demo3.togdemyazilim.com/index.html]
[backblue.gif]
[fade.gif]
[index.html]
[demo3.togdemyazilim.com/css/custom.css]
[demo3.togdemyazilim.com/css/responsive.css]
[demo3.togdemyazilim.com/css/color.css]
[demo3.togdemyazilim.com/css/all.css]
[demo3.togdemyazilim.com/css/owl.carousel.min.css]
[demo3.togdemyazilim.com/css/bootstrap.min.css]
[demo3.togdemyazilim.com/css/prettyPhoto.css]
[demo3.togdemyazilim.com/css/slick.css]
[admin.togdem.com/AdminPanel_Assets/img/siteicerik/9/20/logo.png]
[demo3.togdemyazilim.com/js/rev-slider/css/settings.css]
[demo3.togdemyazilim.com/js/rev-slider/css/layers.css]
[demo3.togdemyazilim.com/js/rev-slider/css/navigation.css]
[cdnjs.cloudflare.com/ajax/libs/lightbox2/2.8.2/css/lightbox.min.css]
[stackpath.bootstrapcdn.com/bootstrap/4.3.1/css/bootstrap.min.css]
[demo3.togdemyazilim.com/images/img.png]
[admin.togdem.com/AdminPAnel_ASsets/img/ploader.gif]
[demo3.togdemyazilim.com/kentrehberi.html]
[demo3.togdemyazilim.com/home/baskan.html]
[demo3.togdemyazilim.com/home/baskanalbum.html]
[demo3.togdemyazilim.com/home/baskanasor.html]
[demo3.togdemyazilim.com/home/baskanmesaji.html]
[demo3.togdemyazilim.com/home/birimler.html]
[demo3.togdemyazilim.com/home/baskanyardimcilari.html]
[demo3.togdemyazilim.com/home/meclisuyeleri.html]
[demo3.togdemyazilim.com/home/encumenler.html]
[demo3.togdemyazilim.com/home/muhtarlar.html]
[demo3.togdemyazilim.com/home/eskibaskanlar.html]
[demo3.togdemyazilim.com/home/mecliskararlari.html]
[demo3.togdemyazilim.com/home/komisyonkararlari.html]
[demo3.togdemyazilim.com/home/faaliyetraporlari.html]
[demo3.togdemyazilim.com/home/misyonvizyon.html]
[demo3.togdemyazilim.com/home/tarihce.html]
[demo3.togdemyazilim.com/home/galeri.html]
[demo3.togdemyazilim.com/home/sehitlerimiz.html]
[demo3.togdemyazilim.com/haberler/1.html]
[demo3.togdemyazilim.com/etkinlikler/1.html]
[demo3.togdemyazilim.com/home/duyurular.html]
[demo3.togdemyazilim.com/projeler.html]
[demo3.togdemyazilim.com/home/isteksikayet.html]
[demo3.togdemyazilim.com/home/vefatedenler.html]
[demo3.togdemyazilim.com/home/bifikrimvar.html]
[demo3.togdemyazilim.com/home/belgeOrnekleri.html]
[demo3.togdemyazilim.com/home/iletisim.html]
[admin.togdem.com/AdminPanel_Assets/img/resimGuncelle/9/20201005152448130.jpg]
[admin.togdem.com/AdminPanel_Assets/img/sliderlar/9/7/01-08-2019-06-32-49.jpg]
[admin.togdem.com/AdminPanel_Assets/img/sliderlar/9/7/01-08-2019-06-33-46.jpg]
[admin.togdem.com/AdminPanel_Assets/img/sliderlar/9/44/20201005151958073.jpg]
[admin.togdem.com/AdminPanel_Assets/img/resimGuncelle/9/281.png]
[admin.togdem.com/AdminPanel_Assets/img/resimGuncelle/9/20201005151853026.png]
[admin.togdem.com/AdminPanel_Assets/img/resimGuncelle/9/280.png]
[demo3.togdemyazilim.com/haberler/mobil-uygulamamiz-yayinda-160.html]
[admin.togdem.com/AdminPanel_Assets/img/haberler/9/160/20201005152026244.jpg]
[demo3.togdemyazilim.com/haberler/turistler-ilcemizi-artik-daha-cok-seviyor-159.html]
[admin.togdem.com/AdminPanel_Assets/img/haberler/9/159/20201005152051275.jpg]
[demo3.togdemyazilim.com/haberler/belediye-kultur-evi-hizmete-girdi-21.html]
[admin.togdem.com/AdminPanel_Assets/img/haberler/9/21/20201005152119228.jpg]
[demo3.togdemyazilim.com/haberler/belediye-otoparkimiz-hizmete-girdi-16.html]
[admin.togdem.com/AdminPanel_Assets/img/haberler/9/16/20201005152215945.jpg]
[demo3.togdemyazilim.com/haberler/robotik-kodlama-dersleri-basliyor-15.html]
[admin.togdem.com/AdminPanel_Assets/img/haberler/9/15/20201005152238054.jpg]
[demo3.togdemyazilim.com/home/duyurudetay/62.html]
[admin.togdem.com/AdminPanel_Assets/img/duyuru.png]
[demo3.togdemyazilim.com/home/duyurudetay/61.html]
[demo3.togdemyazilim.com/home/duyurudetay/60.html]
[demo3.togdemyazilim.com/home/duyurudetay/59.html]
[demo3.togdemyazilim.com/etkinlikler/satranc-turnuvasi-50.html]
[admin.togdem.com/AdminPanel_Assets/img/etkinlikler/9/satranc-turnuvasi.jpg]
[demo3.togdemyazilim.com/etkinlikler/bir-fidan-bir-hayat-51.html]
[admin.togdem.com/AdminPanel_Assets/img/etkinlikler/9/bir-fidan-bir-hayat.jpg]
[demo3.togdemyazilim.com/etkinlikler/belediyemiz-konser-duzenliyor-52.html]
[admin.togdem.com/AdminPanel_Assets/img/etkinlikler/9/20201005152646910.jpg]
[demo3.togdemyazilim.com/etkinlikler/cocuk-senligi-53.html]
[admin.togdem.com/AdminPanel_Assets/img/etkinlikler/9/20201005152555114.jpg]
[admin.togdem.com/AdminPanel_Assets/img/resimGuncelle/9/278.jpg]
[demo3.togdemyazilim.com/images/nobetcieczaneler.png]
[admin.togdem.com/AdminPanel_Assets/img/resimGuncelle/9/282.png]
[admin.togdem.com/AdminPanel_Assets/img/resimGuncelle/9/20201005151757760.jpg]
[admin.togdem.com/AdminPanel_Assets/img/resimGuncelle/9/20201005151803885.jpg]
[demo3.togdemyazilim.com/home/videogaleri.html]
[admin.togdem.com/AdminPanel_Assets/img/resimGuncelle/9/20201005151810089.png]
[admin.togdem.com/AdminPanel_Assets/img/resimGuncelle/9/20201005151817417.jpg]
[admin.togdem.com/AdminPanel_Assets/img/resimGuncelle/9/20201005151823089.jpg]
[admin.togdem.com/AdminPanel_Assets/img/resimGuncelle/9/20201005151742511.jpg]
[demo3.togdemyazilim.com/birimler/ornek-birim-24.html]
[demo3.togdemyazilim.com/birimler/ornek-birim-25.html]
[demo3.togdemyazilim.com/birimler/ornek-birim-26.html]
[admin.togdem.com/AdminPanel_Assets/img/resimGuncelle/9/20201005151829120.jpg]
[demo3.togdemyazilim.com/projeler/projelistesi/devameden/1.html]
[admin.togdem.com/AdminPanel_Assets/img/resimGuncelle/9/20201005151834839.jpg]
[demo3.togdemyazilim.com/projeler/projelistesi/tamamlanan/1.html]
[admin.togdem.com/AdminPanel_Assets/img/resimGuncelle/9/20201005151844604.jpg]
[demo3.togdemyazilim.com/projeler/projelistesi/planlanan/1.html]
[demo3.togdemyazilim.com/images/kucukresimler/kdk.png]
[demo3.togdemyazilim.com/images/kucukresimler/cumhurbaskanligi.png]
[demo3.togdemyazilim.com/images/kucukresimler/Icisleri_Bakanligi.png]
[demo3.togdemyazilim.com/images/kucukresimler/Cimer.png]
[demo3.togdemyazilim.com/images/kucukresimler/egm.png]
[demo3.togdemyazilim.com/images/kucukresimler/edevlet.png]
[demo3.togdemyazilim.com/images/kucukresimler/tbmm.png]
[demo3.togdemyazilim.com/images/kucukresimler/tbb.png]
[demo3.togdemyazilim.com/images/kucukresimler/tkdk.png]
[admin.togdem.com/AdminPanel_Assets/img/varsayilan/h3footerbg.jpg]
[demo3.togdemyazilim.com/js/bootstrap.min.js]
[demo3.togdemyazilim.com/js/jquery.prettyPhoto.js]
[demo3.togdemyazilim.com/js/owl.carousel.min.js]
[demo3.togdemyazilim.com/js/custom.js]
[demo3.togdemyazilim.com/js/jquery.min.js]
[demo3.togdemyazilim.com/js/slick.min.js]
[demo3.togdemyazilim.com/js/rev-slider.js]
[demo3.togdemyazilim.com/js/rev-slider/js/extensions/revolution.extension.actions.min.js]
[demo3.togdemyazilim.com/js/rev-slider/js/extensions/revolution.extension.carousel.min.js]
[demo3.togdemyazilim.com/js/rev-slider/js/extensions/revolution.extension.kenburn.min.js]
[demo3.togdemyazilim.com/js/rev-slider/js/jquery.themepunch.revolution.min.js]
[demo3.togdemyazilim.com/js/rev-slider/js/extensions/revolution.extension.migration.min.js]
[demo3.togdemyazilim.com/js/rev-slider/js/extensions/revolution.extension.layeranimation.min.js]
[demo3.togdemyazilim.com/js/rev-slider/js/extensions/revolution.extension.parallax.min.js]
[demo3.togdemyazilim.com/js/rev-slider/js/extensions/revolution.extension.navigation.min.js]
[demo3.togdemyazilim.com/js/rev-slider/js/jquery.themepunch.tools.min.js]
[demo3.togdemyazilim.com/js/rev-slider/js/extensions/revolution.extension.slideanims.min.js]
[demo3.togdemyazilim.com/js/rev-slider/js/extensions/revolution.extension.video.min.js]
[cdnjs.cloudflare.com/ajax/libs/lightbox2/2.8.2/js/lightbox.min.js]
[admin.togdem.com/AdminPanel_Assets/img/haberler/32/250-bin-cicek-toprakla-bulusuyor-0.jpg]
[connect.facebook.net/tr_TR/sdk.js]
[demo3.togdemyazilim.com/index.html]
[platform.twitter.com/widgets.js]
[demo3.togdemyazilim.com/images/teampagebg.jpg]
[demo3.togdemyazilim.com/images/newsbg.jpg]
[demo3.togdemyazilim.com/images/subheaderbg.jpg]
[demo3.togdemyazilim.com/images/highlights-bg.jpg]
[demo3.togdemyazilim.com/images/factsbg.jpg]
[demo3.togdemyazilim.com/images/teambg.jpg]
[demo3.togdemyazilim.com/images/call2action.jpg]
[demo3.togdemyazilim.com/images/flagbg.jpg]
[demo3.togdemyazilim.com/images/worldmap-dots.jpg]
[demo3.togdemyazilim.com/images/icobox.png]
[demo3.togdemyazilim.com/images/h2factsbg.jpg]
[demo3.togdemyazilim.com/images/em-formbg.jpg]
[demo3.togdemyazilim.com/images/citizenbg.jpg]
[demo3.togdemyazilim.com/images/factsbg2.jpg]
[demo3.togdemyazilim.com/images/footerbg.jpg]
[demo3.togdemyazilim.com/images/h3footerbg.jpg]
[demo3.togdemyazilim.com/images/npatt.png]
[demo3.togdemyazilim.com/images/deprtinfobg.jpg]
[demo3.togdemyazilim.com/images/eventsbg.jpg]
[demo3.togdemyazilim.com/images/h3newsletterbg.jpg]
[demo3.togdemyazilim.com/images/eventpagebg.jpg]
[demo3.togdemyazilim.com/images/coming-soon.jpg]
[demo3.togdemyazilim.com/images/page404.jpg]
[demo3.togdemyazilim.com/css/custom.css]
[demo3.togdemyazilim.com/css/responsive.css]
[demo3.togdemyazilim.com/css/color.css]
[demo3.togdemyazilim.com/webfonts/fa-brands-400.eot]
[demo3.togdemyazilim.com/webfonts/fa-brands-400d41dd41d.eot]
[demo3.togdemyazilim.com/webfonts/fa-brands-400.woff2]
[demo3.togdemyazilim.com/webfonts/fa-brands-400.woff]
[demo3.togdemyazilim.com/webfonts/fa-brands-400.ttf]
[demo3.togdemyazilim.com/webfonts/fa-regular-400.eot]
[demo3.togdemyazilim.com/webfonts/fa-regular-400d41dd41d.eot]
[demo3.togdemyazilim.com/webfonts/fa-regular-400.woff2]
[demo3.togdemyazilim.com/webfonts/fa-regular-400.woff]
[demo3.togdemyazilim.com/webfonts/fa-regular-400.ttf]
[demo3.togdemyazilim.com/webfonts/fa-solid-900.eot]
[demo3.togdemyazilim.com/webfonts/fa-solid-900d41dd41d.eot]
[demo3.togdemyazilim.com/webfonts/fa-solid-900.woff2]
[demo3.togdemyazilim.com/webfonts/fa-solid-900.woff]
[demo3.togdemyazilim.com/webfonts/fa-solid-900.ttf]
[demo3.togdemyazilim.com/css/all.css]
[demo3.togdemyazilim.com/css/owl.video.play.png]
[demo3.togdemyazilim.com/css/owl.carousel.min.css]
[demo3.togdemyazilim.com/fonts/glyphicons-halflings-regular.eot]
[demo3.togdemyazilim.com/fonts/glyphicons-halflings-regulard41dd41d.eot]
[demo3.togdemyazilim.com/fonts/glyphicons-halflings-regular.woff2]
[demo3.togdemyazilim.com/fonts/glyphicons-halflings-regular.woff]
[demo3.togdemyazilim.com/fonts/glyphicons-halflings-regular.ttf]
[demo3.togdemyazilim.com/css/bootstrap.min.css]
[demo3.togdemyazilim.com/images/prettyPhoto/default/sprite.png]
[demo3.togdemyazilim.com/images/prettyPhoto/default/sprite_x.png]
[demo3.togdemyazilim.com/images/prettyPhoto/default/sprite_y.png]
[demo3.togdemyazilim.com/images/prettyPhoto/default/sprite_next.png]
[demo3.togdemyazilim.com/images/prettyPhoto/default/sprite_prev.png]
[demo3.togdemyazilim.com/images/prettyPhoto/default/default_thumb.png]
[demo3.togdemyazilim.com/images/prettyPhoto/default/loader.gif]
[demo3.togdemyazilim.com/images/prettyPhoto/light_rounded/sprite.png]
[demo3.togdemyazilim.com/images/prettyPhoto/light_rounded/btnNext.png]
[demo3.togdemyazilim.com/images/prettyPhoto/light_rounded/btnPrevious.png]
[demo3.togdemyazilim.com/images/prettyPhoto/dark_rounded/sprite.png]
[demo3.togdemyazilim.com/images/prettyPhoto/dark_rounded/contentPattern.png]
[demo3.togdemyazilim.com/images/prettyPhoto/dark_rounded/btnNext.png]
[demo3.togdemyazilim.com/images/prettyPhoto/dark_rounded/btnPrevious.png]
[demo3.togdemyazilim.com/images/prettyPhoto/dark_rounded/loader.gif]
[demo3.togdemyazilim.com/images/prettyPhoto/dark_square/loader.gif]
[demo3.togdemyazilim.com/images/prettyPhoto/dark_square/sprite.png]
[demo3.togdemyazilim.com/images/prettyPhoto/dark_square/btnNext.png]
[demo3.togdemyazilim.com/images/prettyPhoto/dark_square/btnPrevious.png]
[demo3.togdemyazilim.com/images/prettyPhoto/light_square/sprite.png]
[demo3.togdemyazilim.com/images/prettyPhoto/light_square/btnNext.png]
[demo3.togdemyazilim.com/images/prettyPhoto/light_square/btnPrevious.png]
[demo3.togdemyazilim.com/images/prettyPhoto/facebook/sprite.png]
[demo3.togdemyazilim.com/images/prettyPhoto/facebook/contentPatternTop.png]
[demo3.togdemyazilim.com/images/prettyPhoto/facebook/contentPatternLeft.png]
[demo3.togdemyazilim.com/images/prettyPhoto/facebook/contentPatternRight.png]
[demo3.togdemyazilim.com/images/prettyPhoto/facebook/loader.gif]
[demo3.togdemyazilim.com/images/prettyPhoto/facebook/btnNext.png]
[demo3.togdemyazilim.com/images/prettyPhoto/facebook/btnPrevious.png]
[demo3.togdemyazilim.com/images/prettyPhoto/facebook/contentPatternBottom.png]
[demo3.togdemyazilim.com/images/prettyPhoto/facebook/default_thumbnail.gif]
[demo3.togdemyazilim.com/images/prettyPhoto/light_rounded/loader.gif]
[demo3.togdemyazilim.com/css/prettyPhoto.css]
[demo3.togdemyazilim.com/css/slick.css]
[demo3.togdemyazilim.com/js/rev-slider/fonts/revicons/revicons90c690c690c6.eot]
[demo3.togdemyazilim.com/js/rev-slider/fonts/revicons/revicons90c690c690c6.woff]
[demo3.togdemyazilim.com/js/rev-slider/fonts/revicons/revicons90c690c690c6.ttf]
[demo3.togdemyazilim.com/js/rev-slider/assets/gridtile.png]
[demo3.togdemyazilim.com/js/rev-slider/assets/gridtile_white.png]
[demo3.togdemyazilim.com/js/rev-slider/assets/gridtile_3x3.png]
[demo3.togdemyazilim.com/js/rev-slider/assets/gridtile_3x3_white.png]
[demo3.togdemyazilim.com/js/rev-slider/assets/coloredbg.png]
[demo3.togdemyazilim.com/js/rev-slider/assets/loader.gif]
[demo3.togdemyazilim.com/js/rev-slider/css/settings.css]
[demo3.togdemyazilim.com/js/rev-slider/css/layers.css]
[demo3.togdemyazilim.com/js/rev-slider/css/navigation.css]
[cdnjs.cloudflare.com/ajax/libs/lightbox2/2.8.2/images/close.png]
[cdnjs.cloudflare.com/ajax/libs/lightbox2/2.8.2/images/loading.gif]
[cdnjs.cloudflare.com/ajax/libs/lightbox2/2.8.2/images/prev.png]
[cdnjs.cloudflare.com/ajax/libs/lightbox2/2.8.2/css/lightbox.min.css]
[cdnjs.cloudflare.com/ajax/libs/lightbox2/2.8.2/images/next.png]
[stackpath.bootstrapcdn.com/bootstrap/4.3.1/css/bootstrap.min.css]
[demo3.togdemyazilim.com/kentrehberi.html]
[admin.togdem.com/AdminPanel_Assets/img/resimGuncelle/9/20201005152456552.png]
[demo3.togdemyazilim.com/home/baskan.html]
[admin.togdem.com/AdminPanel_Assets/img/baskanalbum/9/102/3x02-12-091.jpg]
[admin.togdem.com/AdminPanel_Assets/img/baskanalbum/9/0/3x02-12-090.jpg]
[admin.togdem.com/AdminPanel_Assets/img/baskanalbum/9/100/2x02-11-414.jpg]
[admin.togdem.com/AdminPanel_Assets/img/baskanalbum/9/99/2x02-11-413.jpg]
[admin.togdem.com/AdminPanel_Assets/img/baskanalbum/9/98/2x02-11-412.jpg]
[admin.togdem.com/AdminPanel_Assets/img/baskanalbum/9/97/2x02-11-411.jpg]
[admin.togdem.com/AdminPanel_Assets/img/baskanalbum/9/0/2x02-11-410.jpg]
[admin.togdem.com/AdminPanel_Assets/img/baskanalbum/9/95/1x02-11-174.jpg]
[admin.togdem.com/AdminPanel_Assets/img/baskanalbum/9/94/1x02-11-173.jpg]
[admin.togdem.com/AdminPanel_Assets/img/baskanalbum/9/93/1x02-11-172.jpg]
[admin.togdem.com/AdminPanel_Assets/img/baskanalbum/9/92/1x02-11-171.jpg]
[admin.togdem.com/AdminPanel_Assets/img/baskanalbum/9/0/1x02-11-170.jpg]
[demo3.togdemyazilim.com/home/baskanalbum/1.html]
[demo3.togdemyazilim.com/home/baskanalbum.html]
[demo3.togdemyazilim.com/home/baskanasor.html]
[demo3.togdemyazilim.com/home/baskanmesaji.html]
[demo3.togdemyazilim.com/home/birimler/1.html]
[demo3.togdemyazilim.com/home/birimler.html]
[admin.togdem.com/AdminPanel_Assets/img/baskanYardimcilari/9/mehmet-yardimsever.jpg]
[admin.togdem.com/AdminPanel_Assets/img/baskanYardimcilari/9/aysegul-dalgic.png]
[demo3.togdemyazilim.com/home/baskanyardimcilari/1.html]
[demo3.togdemyazilim.com/home/baskanyardimcilari.html]
[admin.togdem.com/AdminPanel_Assets/img/meclisUyeleri/9/tarik-kel.jpg]
[admin.togdem.com/AdminPanel_Assets/img/meclisUyeleri/9/ahmet-yildirim.jpg]
[admin.togdem.com/AdminPanel_Assets/img/meclisUyeleri/9/guncelleme/21.jpg]
[admin.togdem.com/AdminPanel_Assets/img/meclisUyeleri/9/jale-erdal.jpg]
[demo3.togdemyazilim.com/home/meclisuyeleri/1.html]
[demo3.togdemyazilim.com/home/meclisuyeleri.html]
[admin.togdem.com/AdminPanel_Assets/img/encumenler/9/ali-enli.jpg]
[admin.togdem.com/AdminPanel_Assets/img/encumenler/9/davut-yener.jpg]
[admin.togdem.com/AdminPanel_Assets/img/encumenler/9/beyza-sevengul.jpg]
[admin.togdem.com/AdminPanel_Assets/img/encumenler/9/kemal-kara.png]
[demo3.togdemyazilim.com/home/encumenler/1.html]
[demo3.togdemyazilim.com/home/encumenler.html]
[admin.togdem.com/AdminPanel_Assets/img/muhtarlar/9/guncelleme/13.jpg]
[admin.togdem.com/AdminPanel_Assets/img/muhtarlar/9/guncelleme/14.jpg]
[admin.togdem.com/AdminPanel_Assets/img/muhtarlar/9/fatma-kaya.jpg]
[admin.togdem.com/AdminPanel_Assets/img/muhtarlar/9/kerim-ozen.jpg]
[demo3.togdemyazilim.com/home/Muhtarlar/1.html]
[demo3.togdemyazilim.com/home/muhtarlar.html]
[admin.togdem.com/AdminPanel_Assets/img/eskiBaskanlar/9/hamit-gumustop.jpg]
[admin.togdem.com/AdminPanel_Assets/img/eskiBaskanlar/9/adil-yurtseven.jpg]
[demo3.togdemyazilim.com/home/eskibaskanlar/1.html]
[demo3.togdemyazilim.com/home/eskibaskanlar.html]
[demo3.togdemyazilim.com/home/mecliskararlari.html]
[demo3.togdemyazilim.com/home/komisyonkararlari.html]
[demo3.togdemyazilim.com/home/faaliyetraporlari.html]
[admin.togdem.com/AdminPanel_Assets/img/siteicerik/9/7/misyonvizyonresim.jpg]
[demo3.togdemyazilim.com/home/misyonvizyon.html]
[admin.togdem.com/AdminPanel_Assets/img/siteicerik/9/6/tarihceresim.png]
[demo3.togdemyazilim.com/home/tarihce.html]
[demo3.togdemyazilim.com/home/galeri/1.html]
[demo3.togdemyazilim.com/home/galeri.html]
[demo3.togdemyazilim.com/home/sehitlerimiz/1.html]
[demo3.togdemyazilim.com/home/sehitlerimiz.html]
[demo3.togdemyazilim.com/Haberler/1-2.html]
[demo3.togdemyazilim.com/haberler/1.html]
[demo3.togdemyazilim.com/Etkinlikler/1-2.html]
[demo3.togdemyazilim.com/etkinlikler/1.html]
[demo3.togdemyazilim.com/home/duyurudetay/58.html]
[demo3.togdemyazilim.com/home/duyurular.html]
[demo3.togdemyazilim.com/projeler.html]
[demo3.togdemyazilim.com/home/isteksikayet.html]
[demo3.togdemyazilim.com/home/vefatedenler.html]
[demo3.togdemyazilim.com/home/bifikrimvar.html]
[demo3.togdemyazilim.com/home/belgeOrnekleri.html]
[demo3.togdemyazilim.com/home/iletisim.html]
[demo3.togdemyazilim.com/haberler/mobil-uygulamamiz-yayinda-160.html]
[demo3.togdemyazilim.com/haberler/turistler-ilcemizi-artik-daha-cok-seviyor-159.html]
[demo3.togdemyazilim.com/haberler/belediye-kultur-evi-hizmete-girdi-21.html]
[demo3.togdemyazilim.com/haberler/belediye-otoparkimiz-hizmete-girdi-16.html]
[demo3.togdemyazilim.com/haberler/robotik-kodlama-dersleri-basliyor-15.html]
[admin.togdem.com/adminPanel_Assets/img/duyuruilan.png]
[demo3.togdemyazilim.com/home/duyurudetay/62.html]
[demo3.togdemyazilim.com/home/duyurudetay/61.html]
[demo3.togdemyazilim.com/home/duyurudetay/60.html]
[demo3.togdemyazilim.com/home/duyurudetay/59.html]
[demo3.togdemyazilim.com/etkinlikler/satranc-turnuvasi-50.html]
[demo3.togdemyazilim.com/etkinlikler/bir-fidan-bir-hayat-51.html]
[demo3.togdemyazilim.com/etkinlikler/belediyemiz-konser-duzenliyor-52.html]
[demo3.togdemyazilim.com/etkinlikler/cocuk-senligi-53.html]
[demo3.togdemyazilim.com/images/ebelediye.svg]
[demo3.togdemyazilim.com/images/kentrehberi.svg]
[demo3.togdemyazilim.com/images/isteksikayet.svg]
[demo3.togdemyazilim.com/images/eimar.svg]
[demo3.togdemyazilim.com/images/vefatedenler.svg]
[demo3.togdemyazilim.com/images/polis.html]
[demo3.togdemyazilim.com/images/hastane.html]
[demo3.togdemyazilim.com/images/itfaiye.html]
[admin.togdem.com/AdminPanel_Assets/video/videoGaleri/9/ornek-video-1/ornek-video-1.jpg]
[demo3.togdemyazilim.com/home/videogaleri.html]
[demo3.togdemyazilim.com/birimler/ornek-birim-24.html]
[demo3.togdemyazilim.com/birimler/ornek-birim-25.html]
[admin.togdem.com/AdminPanel_Assets/img/birimler/9/guncelleme/26.png]
[demo3.togdemyazilim.com/birimler/ornek-birim-26.html]
[demo3.togdemyazilim.com/projeler/projelistesi/devameden/1.html]
[demo3.togdemyazilim.com/projeler/projelistesi/tamamlanan/1.html]
[demo3.togdemyazilim.com/projeler/projelistesi/planlanan/1.html]
[demo3.togdemyazilim.com/home/yenidoganlar.html]
[demo3.togdemyazilim.com/home/yararlilinkler.html]
[connect.facebook.net/tr_TR/sdk.js]
[demo3.togdemyazilim.com/webfonts/fa-brands-400.svg]
[demo3.togdemyazilim.com/webfonts/fa-regular-400.svg]
[demo3.togdemyazilim.com/webfonts/fa-solid-900.svg]
[demo3.togdemyazilim.com/fonts/glyphicons-halflings-regular.svg]
[demo3.togdemyazilim.com/js/rev-slider/fonts/revicons/revicons90c690c690c6.svg]
[demo3.togdemyazilim.com/js/rev-slider/css/openhand.html]
[demo3.togdemyazilim.com/js/rev-slider/css/closedhand.html]
[demo3.togdemyazilim.com/home/baskanalbum/1.html]
[demo3.togdemyazilim.com/home/birimler/1.html]
[demo3.togdemyazilim.com/home/baskanyardimcilari/1.html]
[demo3.togdemyazilim.com/home/meclisuyeleri/1.html]
[demo3.togdemyazilim.com/home/encumenler/1.html]
[demo3.togdemyazilim.com/home/Muhtarlar/1.html]
[demo3.togdemyazilim.com/home/eskibaskanlar/1.html]
[demo3.togdemyazilim.com/home/galeri/1.html]
[demo3.togdemyazilim.com/home/sehitlerimiz/1.html]
[demo3.togdemyazilim.com/Haberler/1-2.html]
[demo3.togdemyazilim.com/Etkinlikler/1-2.html]
[demo3.togdemyazilim.com/home/duyurudetay/58.html]
[admin.togdem.com/AdminPanel_Assets/img/birimler/9/ali-karali.html]
